// Jest Snapshot v1, https://goo.gl/fbAQLP

exports[`FilterPanel not renders if filters are empty 1`] = `""`;

exports[`FilterPanel renders correctly 1`] = `
<div
  className="filterWrapper"
>
  <p
    className="filterTitle"
  >
    Sort by
  </p>
  <FilterItem
    checked={false}
    filterTitle="release date"
    filterValue="release_date"
    handleChange={[Function]}
    key="release_date"
    name="filterValue"
    type="btn"
  />
  <FilterItem
    checked={false}
    filterTitle="rating"
    filterValue="vote_average"
    handleChange={[Function]}
    key="vote_average"
    name="filterValue"
    type="btn"
  />
</div>
`;
