// Jest Snapshot v1, https://goo.gl/fbAQLP

exports[`SearchWrapper renders correctly 1`] = `
<form
  className="searchWrapper"
>
  <h1
    className="pageTitle"
  >
    Find your movie
  </h1>
  <Connect(SearchFieldContainer) />
  <Connect(SearchFilterContainer) />
  <Connect(SearchBtnContainer) />
</form>
`;
