// Jest Snapshot v1, https://goo.gl/fbAQLP

exports[`SearchWrapper renders correctly 1`] = `
<form
  className="searchWrapper"
>
  <h1
    className="pageTitle"
  >
    Find your movie
  </h1>
  <SearchFieldContainer />
  <SortContainer
    defaultFilterIdx={0}
    filters={
      Array [
        Object {
          "title": "title",
          "value": "title",
        },
        Object {
          "title": "genre",
          "value": "genre",
        },
      ]
    }
    title="Search by"
    type="btn"
  />
  <SearchBtn
    className="searchBtnPrimary"
  />
</form>
`;
