// Jest Snapshot v1, https://goo.gl/fbAQLP

exports[`MovieList renders *No results found* 1`] = `
<p>
  No results found
</p>
`;

exports[`MovieList renders correctly 1`] = `
<div
  className="listWrapper"
>
  <MovieThumb
    key="1"
    movie={
      Object {
        "genres": Array [
          "comedies",
        ],
        "id": 1,
        "overview": "Don't miss the fun in this hilariously sexy comedy that has Antonio Banderas (Once Upon a Time in Mexico), Madonna (Swept Away), and a sizzling all-star cast checking in for laughs! It's Ted the Bellhop's (Tim Roth, Pulp Fiction) first night on the job...and the hotel's very unusual guests are about to place him in some outrageous predicaments.",
        "poster_path": "https://images-na.ssl-images-amazon.com/images/I/51qcn-rYWqL._SY450_.jpg",
        "release_date": "1995",
        "runtime": 97,
        "tagline": "Oscar-winning Movies",
        "title": "Four rooms",
        "vote_average": 3,
      }
    }
  />
  <MovieThumb
    key="2"
    movie={
      Object {
        "genres": Array [
          "action",
          "adventure",
        ],
        "id": 2,
        "overview": "From groundbreaking writer and director Quentin Tarantino KILL BILL VOLUME 1 stars Uma Thurman, Lucy Liu, and Vivica A. Fox in an epic vendetta! Four years after taking a bullet in the head at her own wedding, The Bride emerges from a coma and decides it's time for payback! Having been gunned down by her former boss and his deadly squad of international assassins, it's a kill-or- be- killed fight.",
        "poster_path": "https://images-na.ssl-images-amazon.com/images/I/71XwrZLWOBL._SY450_.jpg",
        "release_date": "2003",
        "runtime": 150,
        "tagline": "Oscar-winning Movies",
        "title": "Kill Bill: Vol. 1",
        "vote_average": 4.5,
      }
    }
  />
</div>
`;
